(Row: 24, Column: 2, EOL: false, EOF: false) import
(Row: 24, Column: 9, EOL: false, EOF: false) {
(Row: 24, Column: 10, EOL: false, EOF: false) MDCComponent
(Row: 24, Column: 23, EOL: false, EOF: false) }
(Row: 24, Column: 25, EOL: false, EOF: false) from
(Row: 24, Column: 30, EOL: false, EOF: false) '@material/base/component'
(Row: 24, Column: 57, EOL: true, EOF: false) ;
(Row: 25, Column: 2, EOL: false, EOF: false) import
(Row: 25, Column: 9, EOL: false, EOF: false) {
(Row: 25, Column: 10, EOL: false, EOF: false) CustomEventListener
(Row: 25, Column: 30, EOL: false, EOF: false) }
(Row: 25, Column: 32, EOL: false, EOF: false) from
(Row: 25, Column: 37, EOL: false, EOF: false) '@material/base/types'
(Row: 25, Column: 60, EOL: true, EOF: false) ;
(Row: 27, Column: 2, EOL: false, EOF: false) import
(Row: 27, Column: 9, EOL: false, EOF: false) {
(Row: 27, Column: 10, EOL: false, EOF: false) MDCChipAction
(Row: 27, Column: 24, EOL: false, EOF: false) ,
(Row: 27, Column: 26, EOL: false, EOF: false) MDCChipActionFactory
(Row: 27, Column: 47, EOL: false, EOF: false) }
(Row: 27, Column: 49, EOL: false, EOF: false) from
(Row: 27, Column: 54, EOL: false, EOF: false) '../action/component'
(Row: 27, Column: 76, EOL: true, EOF: false) ;
(Row: 28, Column: 2, EOL: false, EOF: false) import
(Row: 28, Column: 9, EOL: false, EOF: false) {
(Row: 28, Column: 10, EOL: false, EOF: false) ActionType
(Row: 28, Column: 21, EOL: false, EOF: false) ,
(Row: 28, Column: 23, EOL: false, EOF: false) Events
(Row: 28, Column: 30, EOL: false, EOF: false) ,
(Row: 28, Column: 32, EOL: false, EOF: false) FocusBehavior
(Row: 28, Column: 46, EOL: false, EOF: false) }
(Row: 28, Column: 48, EOL: false, EOF: false) from
(Row: 28, Column: 53, EOL: false, EOF: false) '../action/constants'
(Row: 28, Column: 75, EOL: true, EOF: false) ;
(Row: 30, Column: 2, EOL: false, EOF: false) import
(Row: 30, Column: 9, EOL: false, EOF: false) {
(Row: 30, Column: 10, EOL: false, EOF: false) MDCChipAdapter
(Row: 30, Column: 25, EOL: false, EOF: false) }
(Row: 30, Column: 27, EOL: false, EOF: false) from
(Row: 30, Column: 32, EOL: false, EOF: false) './adapter'
(Row: 30, Column: 44, EOL: true, EOF: false) ;
(Row: 31, Column: 2, EOL: false, EOF: false) import
(Row: 31, Column: 9, EOL: false, EOF: false) {
(Row: 31, Column: 10, EOL: false, EOF: false) MDCChipFoundation
(Row: 31, Column: 28, EOL: false, EOF: false) }
(Row: 31, Column: 30, EOL: false, EOF: false) from
(Row: 31, Column: 35, EOL: false, EOF: false) './foundation'
(Row: 31, Column: 50, EOL: true, EOF: false) ;
(Row: 32, Column: 2, EOL: false, EOF: false) import
(Row: 32, Column: 9, EOL: false, EOF: false) {
(Row: 32, Column: 10, EOL: false, EOF: false) ActionInteractionEvent
(Row: 32, Column: 33, EOL: false, EOF: false) ,
(Row: 32, Column: 35, EOL: false, EOF: false) ActionNavigationEvent
(Row: 32, Column: 57, EOL: false, EOF: false) }
(Row: 32, Column: 59, EOL: false, EOF: false) from
(Row: 32, Column: 64, EOL: false, EOF: false) './types'
(Row: 32, Column: 74, EOL: true, EOF: false) ;
(Row: 38, Column: 2, EOL: false, EOF: false) export
(Row: 38, Column: 9, EOL: false, EOF: false) type
(Row: 38, Column: 14, EOL: false, EOF: false) MDCChipFactory
(Row: 38, Column: 29, EOL: false, EOF: false) =
(Row: 38, Column: 31, EOL: false, EOF: false) (
(Row: 38, Column: 32, EOL: false, EOF: false) el
(Row: 38, Column: 35, EOL: false, EOF: false) :
(Row: 38, Column: 37, EOL: false, EOF: false) Element
(Row: 38, Column: 45, EOL: false, EOF: false) ,
(Row: 38, Column: 47, EOL: false, EOF: false) foundation?
(Row: 38, Column: 59, EOL: false, EOF: false) :
(Row: 38, Column: 61, EOL: false, EOF: false) MDCChipFoundation
(Row: 38, Column: 79, EOL: false, EOF: false) )
(Row: 38, Column: 81, EOL: false, EOF: false) =
(Row: 38, Column: 83, EOL: true, EOF: false) >
(Row: 39, Column: 6, EOL: false, EOF: false) MDCChip
(Row: 39, Column: 14, EOL: true, EOF: false) ;
(Row: 44, Column: 2, EOL: false, EOF: false) export
(Row: 44, Column: 9, EOL: false, EOF: false) class
(Row: 44, Column: 15, EOL: false, EOF: false) MDCChip
(Row: 44, Column: 23, EOL: false, EOF: false) extends
(Row: 44, Column: 31, EOL: false, EOF: false) MDCComponent
(Row: 44, Column: 44, EOL: false, EOF: false) <
(Row: 44, Column: 45, EOL: false, EOF: false) MDCChipFoundation
(Row: 44, Column: 63, EOL: false, EOF: false) >
(Row: 44, Column: 65, EOL: true, EOF: false) {
(Row: 45, Column: 4, EOL: false, EOF: false) static
(Row: 45, Column: 11, EOL: false, EOF: false) attachTo
(Row: 45, Column: 20, EOL: false, EOF: false) (
(Row: 45, Column: 21, EOL: false, EOF: false) root
(Row: 45, Column: 26, EOL: false, EOF: false) :
(Row: 45, Column: 28, EOL: false, EOF: false) Element
(Row: 45, Column: 36, EOL: false, EOF: false) )
(Row: 45, Column: 37, EOL: false, EOF: false) :
(Row: 45, Column: 39, EOL: false, EOF: false) MDCChip
(Row: 45, Column: 47, EOL: true, EOF: false) {
(Row: 46, Column: 6, EOL: false, EOF: false) return
(Row: 46, Column: 13, EOL: false, EOF: false) new
(Row: 46, Column: 17, EOL: false, EOF: false) MDCChip
(Row: 46, Column: 25, EOL: false, EOF: false) (
(Row: 46, Column: 26, EOL: false, EOF: false) root
(Row: 46, Column: 31, EOL: false, EOF: false) )
(Row: 46, Column: 32, EOL: true, EOF: false) ;
(Row: 47, Column: 4, EOL: true, EOF: false) }
(Row: 49, Column: 4, EOL: false, EOF: false) private
(Row: 49, Column: 12, EOL: false, EOF: false) readonly
(Row: 49, Column: 21, EOL: false, EOF: false) rootHTML
(Row: 49, Column: 30, EOL: false, EOF: false) =
(Row: 49, Column: 32, EOL: false, EOF: false) this.root
(Row: 49, Column: 42, EOL: false, EOF: false) as
(Row: 49, Column: 45, EOL: false, EOF: false) HTMLElement
(Row: 49, Column: 57, EOL: true, EOF: false) ;
(Row: 52, Column: 4, EOL: false, EOF: false) private
(Row: 52, Column: 12, EOL: false, EOF: false) handleActionInteraction!
(Row: 52, Column: 37, EOL: false, EOF: false) :
(Row: 52, Column: 39, EOL: false, EOF: false) CustomEventListener
(Row: 52, Column: 59, EOL: false, EOF: false) <
(Row: 52, Column: 60, EOL: false, EOF: false) ActionInteractionEvent
(Row: 52, Column: 83, EOL: false, EOF: false) >
(Row: 52, Column: 84, EOL: true, EOF: false) ;
(Row: 53, Column: 4, EOL: false, EOF: false) private
(Row: 53, Column: 12, EOL: false, EOF: false) handleActionNavigation!
(Row: 53, Column: 36, EOL: false, EOF: false) :
(Row: 53, Column: 38, EOL: false, EOF: false) CustomEventListener
(Row: 53, Column: 58, EOL: false, EOF: false) <
(Row: 53, Column: 59, EOL: false, EOF: false) ActionNavigationEvent
(Row: 53, Column: 81, EOL: false, EOF: false) >
(Row: 53, Column: 82, EOL: true, EOF: false) ;
(Row: 54, Column: 4, EOL: false, EOF: false) private
(Row: 54, Column: 12, EOL: false, EOF: false) actions!
(Row: 54, Column: 21, EOL: false, EOF: false) :
(Row: 54, Column: 23, EOL: false, EOF: false) Map
(Row: 54, Column: 27, EOL: false, EOF: false) <
(Row: 54, Column: 28, EOL: false, EOF: false) ActionType
(Row: 54, Column: 39, EOL: false, EOF: false) ,
(Row: 54, Column: 41, EOL: false, EOF: false) MDCChipAction
(Row: 54, Column: 55, EOL: false, EOF: false) >
(Row: 54, Column: 56, EOL: true, EOF: false) ;
(Row: 56, Column: 4, EOL: false, EOF: false) initialize
(Row: 56, Column: 15, EOL: true, EOF: false) (
(Row: 57, Column: 8, EOL: false, EOF: false) actionFactory
(Row: 57, Column: 22, EOL: true, EOF: false) :
(Row: 58, Column: 12, EOL: false, EOF: false) MDCChipActionFactory
(Row: 58, Column: 33, EOL: false, EOF: false) =
(Row: 58, Column: 35, EOL: false, EOF: false) (
(Row: 58, Column: 36, EOL: false, EOF: false) el
(Row: 58, Column: 39, EOL: false, EOF: false) :
(Row: 58, Column: 41, EOL: false, EOF: false) Element
(Row: 58, Column: 49, EOL: false, EOF: false) )
(Row: 58, Column: 51, EOL: false, EOF: false) =
(Row: 58, Column: 53, EOL: false, EOF: false) >
(Row: 58, Column: 55, EOL: false, EOF: false) new
(Row: 58, Column: 59, EOL: false, EOF: false) MDCChipAction
(Row: 58, Column: 73, EOL: false, EOF: false) (
(Row: 58, Column: 74, EOL: false, EOF: false) el
(Row: 58, Column: 77, EOL: false, EOF: false) )
(Row: 58, Column: 78, EOL: false, EOF: false) )
(Row: 58, Column: 80, EOL: true, EOF: false) {
(Row: 59, Column: 6, EOL: false, EOF: false) this.actions
(Row: 59, Column: 19, EOL: false, EOF: false) =
(Row: 59, Column: 21, EOL: false, EOF: false) new
(Row: 59, Column: 25, EOL: false, EOF: false) Map
(Row: 59, Column: 29, EOL: false, EOF: false) (
(Row: 59, Column: 30, EOL: false, EOF: false) )
(Row: 59, Column: 31, EOL: true, EOF: false) ;
(Row: 60, Column: 6, EOL: false, EOF: false) const
(Row: 60, Column: 12, EOL: false, EOF: false) actionEls
(Row: 60, Column: 22, EOL: false, EOF: false) =
(Row: 60, Column: 24, EOL: false, EOF: false) this.root.querySelectorAll
(Row: 60, Column: 51, EOL: false, EOF: false) (
(Row: 60, Column: 52, EOL: false, EOF: false) '.mdc-evolution-chip__action'
(Row: 60, Column: 82, EOL: false, EOF: false) )
(Row: 60, Column: 83, EOL: true, EOF: false) ;
(Row: 61, Column: 6, EOL: false, EOF: false) for
(Row: 61, Column: 10, EOL: false, EOF: false) (
(Row: 61, Column: 11, EOL: false, EOF: false) let
(Row: 61, Column: 15, EOL: false, EOF: false) i
(Row: 61, Column: 17, EOL: false, EOF: false) =
(Row: 61, Column: 19, EOL: false, EOF: false) 0
(Row: 61, Column: 21, EOL: false, EOF: false) ;
(Row: 61, Column: 23, EOL: false, EOF: false) i
(Row: 61, Column: 25, EOL: false, EOF: false) <
(Row: 61, Column: 27, EOL: false, EOF: false) actionEls.length
(Row: 61, Column: 44, EOL: false, EOF: false) ;
(Row: 61, Column: 46, EOL: false, EOF: false) i++
(Row: 61, Column: 50, EOL: false, EOF: false) )
(Row: 61, Column: 52, EOL: true, EOF: false) {
(Row: 62, Column: 8, EOL: false, EOF: false) const
(Row: 62, Column: 14, EOL: false, EOF: false) action
(Row: 62, Column: 21, EOL: false, EOF: false) =
(Row: 62, Column: 23, EOL: false, EOF: false) actionFactory
(Row: 62, Column: 37, EOL: false, EOF: false) (
(Row: 62, Column: 38, EOL: false, EOF: false) actionEls[i]
(Row: 62, Column: 51, EOL: false, EOF: false) )
(Row: 62, Column: 52, EOL: true, EOF: false) ;
(Row: 63, Column: 8, EOL: false, EOF: false) this.actions.set
(Row: 63, Column: 25, EOL: false, EOF: false) (
(Row: 63, Column: 26, EOL: false, EOF: false) action.actionType
(Row: 63, Column: 44, EOL: false, EOF: false) (
(Row: 63, Column: 45, EOL: false, EOF: false) )
(Row: 63, Column: 46, EOL: false, EOF: false) ,
(Row: 63, Column: 48, EOL: false, EOF: false) action
(Row: 63, Column: 55, EOL: false, EOF: false) )
(Row: 63, Column: 56, EOL: true, EOF: false) ;
(Row: 64, Column: 6, EOL: true, EOF: false) }
(Row: 65, Column: 4, EOL: true, EOF: false) }
(Row: 67, Column: 4, EOL: false, EOF: false) initialSyncWithDOM
(Row: 67, Column: 23, EOL: false, EOF: false) (
(Row: 67, Column: 24, EOL: false, EOF: false) )
(Row: 67, Column: 26, EOL: true, EOF: false) {
(Row: 68, Column: 6, EOL: false, EOF: false) this.handleActionInteraction
(Row: 68, Column: 35, EOL: false, EOF: false) =
(Row: 68, Column: 37, EOL: false, EOF: false) (
(Row: 68, Column: 38, EOL: false, EOF: false) event
(Row: 68, Column: 44, EOL: false, EOF: false) )
(Row: 68, Column: 46, EOL: false, EOF: false) =
(Row: 68, Column: 48, EOL: false, EOF: false) >
(Row: 68, Column: 50, EOL: true, EOF: false) {
(Row: 69, Column: 8, EOL: false, EOF: false) this.foundation.handleActionInteraction
(Row: 69, Column: 48, EOL: false, EOF: false) (
(Row: 69, Column: 49, EOL: false, EOF: false) event
(Row: 69, Column: 55, EOL: false, EOF: false) )
(Row: 69, Column: 56, EOL: true, EOF: false) ;
(Row: 70, Column: 6, EOL: false, EOF: false) }
(Row: 70, Column: 7, EOL: true, EOF: false) ;
(Row: 72, Column: 6, EOL: false, EOF: false) this.handleActionNavigation
(Row: 72, Column: 34, EOL: false, EOF: false) =
(Row: 72, Column: 36, EOL: false, EOF: false) (
(Row: 72, Column: 37, EOL: false, EOF: false) event
(Row: 72, Column: 43, EOL: false, EOF: false) )
(Row: 72, Column: 45, EOL: false, EOF: false) =
(Row: 72, Column: 47, EOL: false, EOF: false) >
(Row: 72, Column: 49, EOL: true, EOF: false) {
(Row: 73, Column: 8, EOL: false, EOF: false) this.foundation.handleActionNavigation
(Row: 73, Column: 47, EOL: false, EOF: false) (
(Row: 73, Column: 48, EOL: false, EOF: false) event
(Row: 73, Column: 54, EOL: false, EOF: false) )
(Row: 73, Column: 55, EOL: true, EOF: false) ;
(Row: 74, Column: 6, EOL: false, EOF: false) }
(Row: 74, Column: 7, EOL: true, EOF: false) ;
(Row: 76, Column: 6, EOL: false, EOF: false) this.listen
(Row: 76, Column: 18, EOL: false, EOF: false) (
(Row: 76, Column: 19, EOL: false, EOF: false) Events.INTERACTION
(Row: 76, Column: 38, EOL: false, EOF: false) ,
(Row: 76, Column: 40, EOL: false, EOF: false) this.handleActionInteraction
(Row: 76, Column: 69, EOL: false, EOF: false) )
(Row: 76, Column: 70, EOL: true, EOF: false) ;
(Row: 77, Column: 6, EOL: false, EOF: false) this.listen
(Row: 77, Column: 18, EOL: false, EOF: false) (
(Row: 77, Column: 19, EOL: false, EOF: false) Events.NAVIGATION
(Row: 77, Column: 37, EOL: false, EOF: false) ,
(Row: 77, Column: 39, EOL: false, EOF: false) this.handleActionNavigation
(Row: 77, Column: 67, EOL: false, EOF: false) )
(Row: 77, Column: 68, EOL: true, EOF: false) ;
(Row: 78, Column: 4, EOL: true, EOF: false) }
(Row: 80, Column: 4, EOL: false, EOF: false) destroy
(Row: 80, Column: 12, EOL: false, EOF: false) (
(Row: 80, Column: 13, EOL: false, EOF: false) )
(Row: 80, Column: 15, EOL: true, EOF: false) {
(Row: 81, Column: 6, EOL: false, EOF: false) this.unlisten
(Row: 81, Column: 20, EOL: false, EOF: false) (
(Row: 81, Column: 21, EOL: false, EOF: false) Events.INTERACTION
(Row: 81, Column: 40, EOL: false, EOF: false) ,
(Row: 81, Column: 42, EOL: false, EOF: false) this.handleActionInteraction
(Row: 81, Column: 71, EOL: false, EOF: false) )
(Row: 81, Column: 72, EOL: true, EOF: false) ;
(Row: 82, Column: 6, EOL: false, EOF: false) this.unlisten
(Row: 82, Column: 20, EOL: false, EOF: false) (
(Row: 82, Column: 21, EOL: false, EOF: false) Events.NAVIGATION
(Row: 82, Column: 39, EOL: false, EOF: false) ,
(Row: 82, Column: 41, EOL: false, EOF: false) this.handleActionNavigation
(Row: 82, Column: 69, EOL: false, EOF: false) )
(Row: 82, Column: 70, EOL: true, EOF: false) ;
(Row: 83, Column: 6, EOL: false, EOF: false) super.destroy
(Row: 83, Column: 20, EOL: false, EOF: false) (
(Row: 83, Column: 21, EOL: false, EOF: false) )
(Row: 83, Column: 22, EOL: true, EOF: false) ;
(Row: 84, Column: 4, EOL: true, EOF: false) }
(Row: 86, Column: 4, EOL: false, EOF: false) getDefaultFoundation
(Row: 86, Column: 25, EOL: false, EOF: false) (
(Row: 86, Column: 26, EOL: false, EOF: false) )
(Row: 86, Column: 28, EOL: true, EOF: false) {
(Row: 90, Column: 6, EOL: false, EOF: false) const
(Row: 90, Column: 12, EOL: false, EOF: false) adapter
(Row: 90, Column: 20, EOL: false, EOF: false) :
(Row: 90, Column: 22, EOL: false, EOF: false) MDCChipAdapter
(Row: 90, Column: 37, EOL: false, EOF: false) =
(Row: 90, Column: 39, EOL: true, EOF: false) {
(Row: 91, Column: 8, EOL: false, EOF: false) addClass
(Row: 91, Column: 17, EOL: false, EOF: false) :
(Row: 91, Column: 19, EOL: false, EOF: false) (
(Row: 91, Column: 20, EOL: false, EOF: false) className
(Row: 91, Column: 30, EOL: false, EOF: false) )
(Row: 91, Column: 32, EOL: false, EOF: false) =
(Row: 91, Column: 34, EOL: false, EOF: false) >
(Row: 91, Column: 36, EOL: true, EOF: false) {
(Row: 92, Column: 10, EOL: false, EOF: false) this.root.classList.add
(Row: 92, Column: 34, EOL: false, EOF: false) (
(Row: 92, Column: 35, EOL: false, EOF: false) className
(Row: 92, Column: 45, EOL: false, EOF: false) )
(Row: 92, Column: 46, EOL: true, EOF: false) ;
(Row: 93, Column: 8, EOL: false, EOF: false) }
(Row: 93, Column: 9, EOL: true, EOF: false) ,
(Row: 94, Column: 8, EOL: false, EOF: false) emitEvent
(Row: 94, Column: 18, EOL: false, EOF: false) :
(Row: 94, Column: 20, EOL: false, EOF: false) (
(Row: 94, Column: 21, EOL: false, EOF: false) eventName
(Row: 94, Column: 31, EOL: false, EOF: false) ,
(Row: 94, Column: 33, EOL: false, EOF: false) eventDetail
(Row: 94, Column: 45, EOL: false, EOF: false) )
(Row: 94, Column: 47, EOL: false, EOF: false) =
(Row: 94, Column: 49, EOL: false, EOF: false) >
(Row: 94, Column: 51, EOL: true, EOF: false) {
(Row: 95, Column: 10, EOL: false, EOF: false) this.emit
(Row: 95, Column: 20, EOL: false, EOF: false) (
(Row: 95, Column: 21, EOL: false, EOF: false) eventName
(Row: 95, Column: 31, EOL: false, EOF: false) ,
(Row: 95, Column: 33, EOL: false, EOF: false) eventDetail
(Row: 95, Column: 45, EOL: false, EOF: false) ,
(Row: 95, Column: 47, EOL: false, EOF: false) true
(Row: 95, Column: 71, EOL: false, EOF: false) )
(Row: 95, Column: 72, EOL: true, EOF: false) ;
(Row: 96, Column: 8, EOL: false, EOF: false) }
(Row: 96, Column: 9, EOL: true, EOF: false) ,
(Row: 97, Column: 8, EOL: false, EOF: false) getActions
(Row: 97, Column: 19, EOL: false, EOF: false) :
(Row: 97, Column: 21, EOL: false, EOF: false) (
(Row: 97, Column: 22, EOL: false, EOF: false) )
(Row: 97, Column: 24, EOL: false, EOF: false) =
(Row: 97, Column: 26, EOL: false, EOF: false) >
(Row: 97, Column: 28, EOL: true, EOF: false) {
(Row: 98, Column: 10, EOL: false, EOF: false) const
(Row: 98, Column: 16, EOL: false, EOF: false) actions
(Row: 98, Column: 24, EOL: false, EOF: false) :
(Row: 98, Column: 26, EOL: false, EOF: false) ActionType[]
(Row: 98, Column: 39, EOL: false, EOF: false) =
(Row: 98, Column: 41, EOL: false, EOF: false) []
(Row: 98, Column: 44, EOL: true, EOF: false) ;
(Row: 99, Column: 10, EOL: false, EOF: false) for
(Row: 99, Column: 14, EOL: false, EOF: false) (
(Row: 99, Column: 15, EOL: false, EOF: false) const
(Row: 99, Column: 21, EOL: false, EOF: false) [key]
(Row: 99, Column: 27, EOL: false, EOF: false) of
(Row: 99, Column: 30, EOL: false, EOF: false) this.actions
(Row: 99, Column: 43, EOL: false, EOF: false) )
(Row: 99, Column: 45, EOL: true, EOF: false) {
(Row: 100, Column: 12, EOL: false, EOF: false) actions.push
(Row: 100, Column: 25, EOL: false, EOF: false) (
(Row: 100, Column: 26, EOL: false, EOF: false) key
(Row: 100, Column: 30, EOL: false, EOF: false) )
(Row: 100, Column: 31, EOL: true, EOF: false) ;
(Row: 101, Column: 10, EOL: true, EOF: false) }
(Row: 102, Column: 10, EOL: false, EOF: false) return
(Row: 102, Column: 17, EOL: false, EOF: false) actions
(Row: 102, Column: 25, EOL: true, EOF: false) ;
(Row: 103, Column: 8, EOL: false, EOF: false) }
(Row: 103, Column: 9, EOL: true, EOF: false) ,
(Row: 104, Column: 8, EOL: false, EOF: false) getAttribute
(Row: 104, Column: 21, EOL: false, EOF: false) :
(Row: 104, Column: 23, EOL: false, EOF: false) (
(Row: 104, Column: 24, EOL: false, EOF: false) attrName
(Row: 104, Column: 33, EOL: false, EOF: false) )
(Row: 104, Column: 35, EOL: false, EOF: false) =
(Row: 104, Column: 37, EOL: false, EOF: false) >
(Row: 104, Column: 39, EOL: false, EOF: false) this.root.getAttribute
(Row: 104, Column: 62, EOL: false, EOF: false) (
(Row: 104, Column: 63, EOL: false, EOF: false) attrName
(Row: 104, Column: 72, EOL: false, EOF: false) )
(Row: 104, Column: 73, EOL: true, EOF: false) ,
(Row: 105, Column: 8, EOL: false, EOF: false) getElementID
(Row: 105, Column: 21, EOL: false, EOF: false) :
(Row: 105, Column: 23, EOL: false, EOF: false) (
(Row: 105, Column: 24, EOL: false, EOF: false) )
(Row: 105, Column: 26, EOL: false, EOF: false) =
(Row: 105, Column: 28, EOL: false, EOF: false) >
(Row: 105, Column: 30, EOL: false, EOF: false) this.rootHTML.id
(Row: 105, Column: 47, EOL: true, EOF: false) ,
(Row: 106, Column: 8, EOL: false, EOF: false) getOffsetWidth
(Row: 106, Column: 23, EOL: false, EOF: false) :
(Row: 106, Column: 25, EOL: false, EOF: false) (
(Row: 106, Column: 26, EOL: false, EOF: false) )
(Row: 106, Column: 28, EOL: false, EOF: false) =
(Row: 106, Column: 30, EOL: false, EOF: false) >
(Row: 106, Column: 32, EOL: true, EOF: false) {
(Row: 107, Column: 10, EOL: false, EOF: false) return
(Row: 107, Column: 17, EOL: false, EOF: false) this.rootHTML.offsetWidth
(Row: 107, Column: 43, EOL: true, EOF: false) ;
(Row: 108, Column: 8, EOL: false, EOF: false) }
(Row: 108, Column: 9, EOL: true, EOF: false) ,
(Row: 109, Column: 8, EOL: false, EOF: false) hasClass
(Row: 109, Column: 17, EOL: false, EOF: false) :
(Row: 109, Column: 19, EOL: false, EOF: false) (
(Row: 109, Column: 20, EOL: false, EOF: false) className
(Row: 109, Column: 30, EOL: false, EOF: false) )
(Row: 109, Column: 32, EOL: false, EOF: false) =
(Row: 109, Column: 34, EOL: false, EOF: false) >
(Row: 109, Column: 36, EOL: false, EOF: false) this.root.classList.contains
(Row: 109, Column: 65, EOL: false, EOF: false) (
(Row: 109, Column: 66, EOL: false, EOF: false) className
(Row: 109, Column: 76, EOL: false, EOF: false) )
(Row: 109, Column: 77, EOL: true, EOF: false) ,
(Row: 110, Column: 8, EOL: false, EOF: false) isActionSelectable
(Row: 110, Column: 27, EOL: false, EOF: false) :
(Row: 110, Column: 29, EOL: false, EOF: false) (
(Row: 110, Column: 30, EOL: false, EOF: false) actionType
(Row: 110, Column: 41, EOL: false, EOF: false) :
(Row: 110, Column: 43, EOL: false, EOF: false) ActionType
(Row: 110, Column: 54, EOL: false, EOF: false) )
(Row: 110, Column: 56, EOL: false, EOF: false) =
(Row: 110, Column: 58, EOL: false, EOF: false) >
(Row: 110, Column: 60, EOL: true, EOF: false) {
(Row: 111, Column: 10, EOL: false, EOF: false) const
(Row: 111, Column: 16, EOL: false, EOF: false) action
(Row: 111, Column: 23, EOL: false, EOF: false) =
(Row: 111, Column: 25, EOL: false, EOF: false) this.actions.get
(Row: 111, Column: 42, EOL: false, EOF: false) (
(Row: 111, Column: 43, EOL: false, EOF: false) actionType
(Row: 111, Column: 54, EOL: false, EOF: false) )
(Row: 111, Column: 55, EOL: true, EOF: false) ;
(Row: 112, Column: 10, EOL: false, EOF: false) if
(Row: 112, Column: 13, EOL: false, EOF: false) (
(Row: 112, Column: 14, EOL: false, EOF: false) action
(Row: 112, Column: 21, EOL: false, EOF: false) )
(Row: 112, Column: 23, EOL: true, EOF: false) {
(Row: 113, Column: 12, EOL: false, EOF: false) return
(Row: 113, Column: 19, EOL: false, EOF: false) action.isSelectable
(Row: 113, Column: 39, EOL: false, EOF: false) (
(Row: 113, Column: 40, EOL: false, EOF: false) )
(Row: 113, Column: 41, EOL: true, EOF: false) ;
(Row: 114, Column: 10, EOL: true, EOF: false) }
(Row: 115, Column: 10, EOL: false, EOF: false) return
(Row: 115, Column: 17, EOL: false, EOF: false) false
(Row: 115, Column: 23, EOL: true, EOF: false) ;
(Row: 116, Column: 8, EOL: false, EOF: false) }
(Row: 116, Column: 9, EOL: true, EOF: false) ,
(Row: 117, Column: 8, EOL: false, EOF: false) isActionSelected
(Row: 117, Column: 25, EOL: false, EOF: false) :
(Row: 117, Column: 27, EOL: false, EOF: false) (
(Row: 117, Column: 28, EOL: false, EOF: false) actionType
(Row: 117, Column: 39, EOL: false, EOF: false) :
(Row: 117, Column: 41, EOL: false, EOF: false) ActionType
(Row: 117, Column: 52, EOL: false, EOF: false) )
(Row: 117, Column: 54, EOL: false, EOF: false) =
(Row: 117, Column: 56, EOL: false, EOF: false) >
(Row: 117, Column: 58, EOL: true, EOF: false) {
(Row: 118, Column: 10, EOL: false, EOF: false) const
(Row: 118, Column: 16, EOL: false, EOF: false) action
(Row: 118, Column: 23, EOL: false, EOF: false) =
(Row: 118, Column: 25, EOL: false, EOF: false) this.actions.get
(Row: 118, Column: 42, EOL: false, EOF: false) (
(Row: 118, Column: 43, EOL: false, EOF: false) actionType
(Row: 118, Column: 54, EOL: false, EOF: false) )
(Row: 118, Column: 55, EOL: true, EOF: false) ;
(Row: 119, Column: 10, EOL: false, EOF: false) if
(Row: 119, Column: 13, EOL: false, EOF: false) (
(Row: 119, Column: 14, EOL: false, EOF: false) action
(Row: 119, Column: 21, EOL: false, EOF: false) )
(Row: 119, Column: 23, EOL: true, EOF: false) {
(Row: 120, Column: 12, EOL: false, EOF: false) return
(Row: 120, Column: 19, EOL: false, EOF: false) action.isSelected
(Row: 120, Column: 37, EOL: false, EOF: false) (
(Row: 120, Column: 38, EOL: false, EOF: false) )
(Row: 120, Column: 39, EOL: true, EOF: false) ;
(Row: 121, Column: 10, EOL: true, EOF: false) }
(Row: 122, Column: 10, EOL: false, EOF: false) return
(Row: 122, Column: 17, EOL: false, EOF: false) false
(Row: 122, Column: 23, EOL: true, EOF: false) ;
(Row: 123, Column: 8, EOL: false, EOF: false) }
(Row: 123, Column: 9, EOL: true, EOF: false) ,
(Row: 124, Column: 8, EOL: false, EOF: false) isActionFocusable
(Row: 124, Column: 26, EOL: false, EOF: false) :
(Row: 124, Column: 28, EOL: false, EOF: false) (
(Row: 124, Column: 29, EOL: false, EOF: false) actionType
(Row: 124, Column: 40, EOL: false, EOF: false) :
(Row: 124, Column: 42, EOL: false, EOF: false) ActionType
(Row: 124, Column: 53, EOL: false, EOF: false) )
(Row: 124, Column: 55, EOL: false, EOF: false) =
(Row: 124, Column: 57, EOL: false, EOF: false) >
(Row: 124, Column: 59, EOL: true, EOF: false) {
(Row: 125, Column: 10, EOL: false, EOF: false) const
(Row: 125, Column: 16, EOL: false, EOF: false) action
(Row: 125, Column: 23, EOL: false, EOF: false) =
(Row: 125, Column: 25, EOL: false, EOF: false) this.actions.get
(Row: 125, Column: 42, EOL: false, EOF: false) (
(Row: 125, Column: 43, EOL: false, EOF: false) actionType
(Row: 125, Column: 54, EOL: false, EOF: false) )
(Row: 125, Column: 55, EOL: true, EOF: false) ;
(Row: 126, Column: 10, EOL: false, EOF: false) if
(Row: 126, Column: 13, EOL: false, EOF: false) (
(Row: 126, Column: 14, EOL: false, EOF: false) action
(Row: 126, Column: 21, EOL: false, EOF: false) )
(Row: 126, Column: 23, EOL: true, EOF: false) {
(Row: 127, Column: 12, EOL: false, EOF: false) return
(Row: 127, Column: 19, EOL: false, EOF: false) action.isFocusable
(Row: 127, Column: 38, EOL: false, EOF: false) (
(Row: 127, Column: 39, EOL: false, EOF: false) )
(Row: 127, Column: 40, EOL: true, EOF: false) ;
(Row: 128, Column: 10, EOL: true, EOF: false) }
(Row: 129, Column: 10, EOL: false, EOF: false) return
(Row: 129, Column: 17, EOL: false, EOF: false) false
(Row: 129, Column: 23, EOL: true, EOF: false) ;
(Row: 130, Column: 8, EOL: false, EOF: false) }
(Row: 130, Column: 9, EOL: true, EOF: false) ,
(Row: 131, Column: 8, EOL: false, EOF: false) isActionDisabled
(Row: 131, Column: 25, EOL: false, EOF: false) :
(Row: 131, Column: 27, EOL: false, EOF: false) (
(Row: 131, Column: 28, EOL: false, EOF: false) actionType
(Row: 131, Column: 39, EOL: false, EOF: false) :
(Row: 131, Column: 41, EOL: false, EOF: false) ActionType
(Row: 131, Column: 52, EOL: false, EOF: false) )
(Row: 131, Column: 54, EOL: false, EOF: false) =
(Row: 131, Column: 56, EOL: false, EOF: false) >
(Row: 131, Column: 58, EOL: true, EOF: false) {
(Row: 132, Column: 10, EOL: false, EOF: false) const
(Row: 132, Column: 16, EOL: false, EOF: false) action
(Row: 132, Column: 23, EOL: false, EOF: false) =
(Row: 132, Column: 25, EOL: false, EOF: false) this.actions.get
(Row: 132, Column: 42, EOL: false, EOF: false) (
(Row: 132, Column: 43, EOL: false, EOF: false) actionType
(Row: 132, Column: 54, EOL: false, EOF: false) )
(Row: 132, Column: 55, EOL: true, EOF: false) ;
(Row: 133, Column: 10, EOL: false, EOF: false) if
(Row: 133, Column: 13, EOL: false, EOF: false) (
(Row: 133, Column: 14, EOL: false, EOF: false) action
(Row: 133, Column: 21, EOL: false, EOF: false) )
(Row: 133, Column: 23, EOL: true, EOF: false) {
(Row: 134, Column: 12, EOL: false, EOF: false) return
(Row: 134, Column: 19, EOL: false, EOF: false) action.isDisabled
(Row: 134, Column: 37, EOL: false, EOF: false) (
(Row: 134, Column: 38, EOL: false, EOF: false) )
(Row: 134, Column: 39, EOL: true, EOF: false) ;
(Row: 135, Column: 10, EOL: true, EOF: false) }
(Row: 136, Column: 10, EOL: false, EOF: false) return
(Row: 136, Column: 17, EOL: false, EOF: false) false
(Row: 136, Column: 23, EOL: true, EOF: false) ;
(Row: 137, Column: 8, EOL: false, EOF: false) }
(Row: 137, Column: 9, EOL: true, EOF: false) ,
(Row: 138, Column: 8, EOL: false, EOF: false) isRTL
(Row: 138, Column: 14, EOL: false, EOF: false) :
(Row: 138, Column: 16, EOL: false, EOF: false) (
(Row: 138, Column: 17, EOL: false, EOF: false) )
(Row: 138, Column: 19, EOL: false, EOF: false) =
(Row: 138, Column: 21, EOL: false, EOF: false) >
(Row: 138, Column: 23, EOL: false, EOF: false) window.getComputedStyle
(Row: 138, Column: 47, EOL: false, EOF: false) (
(Row: 138, Column: 48, EOL: false, EOF: false) this.root
(Row: 138, Column: 58, EOL: false, EOF: false) )
(Row: 138, Column: 59, EOL: false, EOF: false) .getPropertyValue
(Row: 138, Column: 77, EOL: true, EOF: false) (
(Row: 139, Column: 25, EOL: false, EOF: false) 'direction'
(Row: 139, Column: 37, EOL: false, EOF: false) )
(Row: 139, Column: 39, EOL: false, EOF: false) ===
(Row: 139, Column: 43, EOL: false, EOF: false) 'rtl'
(Row: 139, Column: 49, EOL: true, EOF: false) ,
(Row: 140, Column: 8, EOL: false, EOF: false) removeClass
(Row: 140, Column: 20, EOL: false, EOF: false) :
(Row: 140, Column: 22, EOL: false, EOF: false) (
(Row: 140, Column: 23, EOL: false, EOF: false) className
(Row: 140, Column: 33, EOL: false, EOF: false) )
(Row: 140, Column: 35, EOL: false, EOF: false) =
(Row: 140, Column: 37, EOL: false, EOF: false) >
(Row: 140, Column: 39, EOL: true, EOF: false) {
(Row: 141, Column: 10, EOL: false, EOF: false) this.root.classList.remove
(Row: 141, Column: 37, EOL: false, EOF: false) (
(Row: 141, Column: 38, EOL: false, EOF: false) className
(Row: 141, Column: 48, EOL: false, EOF: false) )
(Row: 141, Column: 49, EOL: true, EOF: false) ;
(Row: 142, Column: 8, EOL: false, EOF: false) }
(Row: 142, Column: 9, EOL: true, EOF: false) ,
(Row: 143, Column: 8, EOL: false, EOF: false) setActionDisabled
(Row: 143, Column: 26, EOL: false, EOF: false) :
(Row: 143, Column: 28, EOL: false, EOF: false) (
(Row: 143, Column: 29, EOL: false, EOF: false) actionType
(Row: 143, Column: 40, EOL: false, EOF: false) :
(Row: 143, Column: 42, EOL: false, EOF: false) ActionType
(Row: 143, Column: 53, EOL: false, EOF: false) ,
(Row: 143, Column: 55, EOL: false, EOF: false) isDisabled
(Row: 143, Column: 66, EOL: false, EOF: false) :
(Row: 143, Column: 68, EOL: false, EOF: false) boolean
(Row: 143, Column: 76, EOL: false, EOF: false) )
(Row: 143, Column: 78, EOL: false, EOF: false) =
(Row: 143, Column: 80, EOL: false, EOF: false) >
(Row: 143, Column: 82, EOL: true, EOF: false) {
(Row: 144, Column: 10, EOL: false, EOF: false) const
(Row: 144, Column: 16, EOL: false, EOF: false) action
(Row: 144, Column: 23, EOL: false, EOF: false) =
(Row: 144, Column: 25, EOL: false, EOF: false) this.actions.get
(Row: 144, Column: 42, EOL: false, EOF: false) (
(Row: 144, Column: 43, EOL: false, EOF: false) actionType
(Row: 144, Column: 54, EOL: false, EOF: false) )
(Row: 144, Column: 55, EOL: true, EOF: false) ;
(Row: 145, Column: 10, EOL: false, EOF: false) if
(Row: 145, Column: 13, EOL: false, EOF: false) (
(Row: 145, Column: 14, EOL: false, EOF: false) action
(Row: 145, Column: 21, EOL: false, EOF: false) )
(Row: 145, Column: 23, EOL: true, EOF: false) {
(Row: 146, Column: 12, EOL: false, EOF: false) action.setDisabled
(Row: 146, Column: 31, EOL: false, EOF: false) (
(Row: 146, Column: 32, EOL: false, EOF: false) isDisabled
(Row: 146, Column: 43, EOL: false, EOF: false) )
(Row: 146, Column: 44, EOL: true, EOF: false) ;
(Row: 147, Column: 10, EOL: true, EOF: false) }
(Row: 148, Column: 8, EOL: false, EOF: false) }
(Row: 148, Column: 9, EOL: true, EOF: false) ,
(Row: 149, Column: 8, EOL: false, EOF: false) setActionFocus
(Row: 149, Column: 23, EOL: false, EOF: false) :
(Row: 149, Column: 25, EOL: false, EOF: false) (
(Row: 149, Column: 26, EOL: false, EOF: false) actionType
(Row: 149, Column: 37, EOL: false, EOF: false) :
(Row: 149, Column: 39, EOL: false, EOF: false) ActionType
(Row: 149, Column: 50, EOL: false, EOF: false) ,
(Row: 149, Column: 52, EOL: false, EOF: false) behavior
(Row: 149, Column: 61, EOL: false, EOF: false) :
(Row: 149, Column: 63, EOL: false, EOF: false) FocusBehavior
(Row: 149, Column: 77, EOL: false, EOF: false) )
(Row: 149, Column: 79, EOL: false, EOF: false) =
(Row: 149, Column: 81, EOL: false, EOF: false) >
(Row: 149, Column: 83, EOL: true, EOF: false) {
(Row: 150, Column: 10, EOL: false, EOF: false) const
(Row: 150, Column: 16, EOL: false, EOF: false) action
(Row: 150, Column: 23, EOL: false, EOF: false) =
(Row: 150, Column: 25, EOL: false, EOF: false) this.actions.get
(Row: 150, Column: 42, EOL: false, EOF: false) (
(Row: 150, Column: 43, EOL: false, EOF: false) actionType
(Row: 150, Column: 54, EOL: false, EOF: false) )
(Row: 150, Column: 55, EOL: true, EOF: false) ;
(Row: 151, Column: 10, EOL: false, EOF: false) if
(Row: 151, Column: 13, EOL: false, EOF: false) (
(Row: 151, Column: 14, EOL: false, EOF: false) action
(Row: 151, Column: 21, EOL: false, EOF: false) )
(Row: 151, Column: 23, EOL: true, EOF: false) {
(Row: 152, Column: 12, EOL: false, EOF: false) action.setFocus
(Row: 152, Column: 28, EOL: false, EOF: false) (
(Row: 152, Column: 29, EOL: false, EOF: false) behavior
(Row: 152, Column: 38, EOL: false, EOF: false) )
(Row: 152, Column: 39, EOL: true, EOF: false) ;
(Row: 153, Column: 10, EOL: true, EOF: false) }
(Row: 154, Column: 8, EOL: false, EOF: false) }
(Row: 154, Column: 9, EOL: true, EOF: false) ,
(Row: 155, Column: 8, EOL: false, EOF: false) setActionSelected
(Row: 155, Column: 26, EOL: false, EOF: false) :
(Row: 155, Column: 28, EOL: false, EOF: false) (
(Row: 155, Column: 29, EOL: false, EOF: false) actionType
(Row: 155, Column: 40, EOL: false, EOF: false) :
(Row: 155, Column: 42, EOL: false, EOF: false) ActionType
(Row: 155, Column: 53, EOL: false, EOF: false) ,
(Row: 155, Column: 55, EOL: false, EOF: false) isSelected
(Row: 155, Column: 66, EOL: false, EOF: false) :
(Row: 155, Column: 68, EOL: false, EOF: false) boolean
(Row: 155, Column: 76, EOL: false, EOF: false) )
(Row: 155, Column: 78, EOL: false, EOF: false) =
(Row: 155, Column: 80, EOL: false, EOF: false) >
(Row: 155, Column: 82, EOL: true, EOF: false) {
(Row: 156, Column: 10, EOL: false, EOF: false) const
(Row: 156, Column: 16, EOL: false, EOF: false) action
(Row: 156, Column: 23, EOL: false, EOF: false) =
(Row: 156, Column: 25, EOL: false, EOF: false) this.actions.get
(Row: 156, Column: 42, EOL: false, EOF: false) (
(Row: 156, Column: 43, EOL: false, EOF: false) actionType
(Row: 156, Column: 54, EOL: false, EOF: false) )
(Row: 156, Column: 55, EOL: true, EOF: false) ;
(Row: 157, Column: 10, EOL: false, EOF: false) if
(Row: 157, Column: 13, EOL: false, EOF: false) (
(Row: 157, Column: 14, EOL: false, EOF: false) action
(Row: 157, Column: 21, EOL: false, EOF: false) )
(Row: 157, Column: 23, EOL: true, EOF: false) {
(Row: 158, Column: 12, EOL: false, EOF: false) action.setSelected
(Row: 158, Column: 31, EOL: false, EOF: false) (
(Row: 158, Column: 32, EOL: false, EOF: false) isSelected
(Row: 158, Column: 43, EOL: false, EOF: false) )
(Row: 158, Column: 44, EOL: true, EOF: false) ;
(Row: 159, Column: 10, EOL: true, EOF: false) }
(Row: 160, Column: 8, EOL: false, EOF: false) }
(Row: 160, Column: 9, EOL: true, EOF: false) ,
(Row: 161, Column: 8, EOL: false, EOF: false) setStyleProperty
(Row: 161, Column: 25, EOL: false, EOF: false) :
(Row: 161, Column: 27, EOL: false, EOF: false) (
(Row: 161, Column: 28, EOL: false, EOF: false) prop
(Row: 161, Column: 33, EOL: false, EOF: false) :
(Row: 161, Column: 35, EOL: false, EOF: false) string
(Row: 161, Column: 42, EOL: false, EOF: false) ,
(Row: 161, Column: 44, EOL: false, EOF: false) value
(Row: 161, Column: 50, EOL: false, EOF: false) :
(Row: 161, Column: 52, EOL: false, EOF: false) string
(Row: 161, Column: 59, EOL: false, EOF: false) )
(Row: 161, Column: 61, EOL: false, EOF: false) =
(Row: 161, Column: 63, EOL: false, EOF: false) >
(Row: 161, Column: 65, EOL: true, EOF: false) {
(Row: 162, Column: 10, EOL: false, EOF: false) this.rootHTML.style.setProperty
(Row: 162, Column: 42, EOL: false, EOF: false) (
(Row: 162, Column: 43, EOL: false, EOF: false) prop
(Row: 162, Column: 48, EOL: false, EOF: false) ,
(Row: 162, Column: 50, EOL: false, EOF: false) value
(Row: 162, Column: 56, EOL: false, EOF: false) )
(Row: 162, Column: 57, EOL: true, EOF: false) ;
(Row: 163, Column: 8, EOL: false, EOF: false) }
(Row: 163, Column: 9, EOL: true, EOF: false) ,
(Row: 164, Column: 6, EOL: false, EOF: false) }
(Row: 164, Column: 7, EOL: true, EOF: false) ;
(Row: 167, Column: 6, EOL: false, EOF: false) return
(Row: 167, Column: 13, EOL: false, EOF: false) new
(Row: 167, Column: 17, EOL: false, EOF: false) MDCChipFoundation
(Row: 167, Column: 35, EOL: false, EOF: false) (
(Row: 167, Column: 36, EOL: false, EOF: false) adapter
(Row: 167, Column: 44, EOL: false, EOF: false) )
(Row: 167, Column: 45, EOL: true, EOF: false) ;
(Row: 168, Column: 4, EOL: true, EOF: false) }
(Row: 171, Column: 4, EOL: false, EOF: false) getActions
(Row: 171, Column: 15, EOL: false, EOF: false) (
(Row: 171, Column: 16, EOL: false, EOF: false) )
(Row: 171, Column: 17, EOL: false, EOF: false) :
(Row: 171, Column: 19, EOL: false, EOF: false) ActionType[]
(Row: 171, Column: 32, EOL: true, EOF: false) {
(Row: 172, Column: 6, EOL: false, EOF: false) return
(Row: 172, Column: 13, EOL: false, EOF: false) this.foundation.getActions
(Row: 172, Column: 40, EOL: false, EOF: false) (
(Row: 172, Column: 41, EOL: false, EOF: false) )
(Row: 172, Column: 42, EOL: true, EOF: false) ;
(Row: 173, Column: 4, EOL: true, EOF: false) }
(Row: 176, Column: 4, EOL: false, EOF: false) getElementID
(Row: 176, Column: 17, EOL: false, EOF: false) (
(Row: 176, Column: 18, EOL: false, EOF: false) )
(Row: 176, Column: 19, EOL: false, EOF: false) :
(Row: 176, Column: 21, EOL: false, EOF: false) string
(Row: 176, Column: 28, EOL: true, EOF: false) {
(Row: 177, Column: 6, EOL: false, EOF: false) return
(Row: 177, Column: 13, EOL: false, EOF: false) this.foundation.getElementID
(Row: 177, Column: 42, EOL: false, EOF: false) (
(Row: 177, Column: 43, EOL: false, EOF: false) )
(Row: 177, Column: 44, EOL: true, EOF: false) ;
(Row: 178, Column: 4, EOL: true, EOF: false) }
(Row: 180, Column: 4, EOL: false, EOF: false) isDisabled
(Row: 180, Column: 15, EOL: false, EOF: false) (
(Row: 180, Column: 16, EOL: false, EOF: false) )
(Row: 180, Column: 17, EOL: false, EOF: false) :
(Row: 180, Column: 19, EOL: false, EOF: false) boolean
(Row: 180, Column: 27, EOL: true, EOF: false) {
(Row: 181, Column: 6, EOL: false, EOF: false) return
(Row: 181, Column: 13, EOL: false, EOF: false) this.foundation.isDisabled
(Row: 181, Column: 40, EOL: false, EOF: false) (
(Row: 181, Column: 41, EOL: false, EOF: false) )
(Row: 181, Column: 42, EOL: true, EOF: false) ;
(Row: 182, Column: 4, EOL: true, EOF: false) }
(Row: 184, Column: 4, EOL: false, EOF: false) setDisabled
(Row: 184, Column: 16, EOL: false, EOF: false) (
(Row: 184, Column: 17, EOL: false, EOF: false) isDisabled
(Row: 184, Column: 28, EOL: false, EOF: false) :
(Row: 184, Column: 30, EOL: false, EOF: false) boolean
(Row: 184, Column: 38, EOL: false, EOF: false) )
(Row: 184, Column: 40, EOL: true, EOF: false) {
(Row: 185, Column: 6, EOL: false, EOF: false) this.foundation.setDisabled
(Row: 185, Column: 34, EOL: false, EOF: false) (
(Row: 185, Column: 35, EOL: false, EOF: false) isDisabled
(Row: 185, Column: 46, EOL: false, EOF: false) )
(Row: 185, Column: 47, EOL: true, EOF: false) ;
(Row: 186, Column: 4, EOL: true, EOF: false) }
(Row: 189, Column: 4, EOL: false, EOF: false) isActionFocusable
(Row: 189, Column: 22, EOL: false, EOF: false) (
(Row: 189, Column: 23, EOL: false, EOF: false) action
(Row: 189, Column: 30, EOL: false, EOF: false) :
(Row: 189, Column: 32, EOL: false, EOF: false) ActionType
(Row: 189, Column: 43, EOL: false, EOF: false) )
(Row: 189, Column: 44, EOL: false, EOF: false) :
(Row: 189, Column: 46, EOL: false, EOF: false) boolean
(Row: 189, Column: 54, EOL: true, EOF: false) {
(Row: 190, Column: 6, EOL: false, EOF: false) return
(Row: 190, Column: 13, EOL: false, EOF: false) this.foundation.isActionFocusable
(Row: 190, Column: 47, EOL: false, EOF: false) (
(Row: 190, Column: 48, EOL: false, EOF: false) action
(Row: 190, Column: 55, EOL: false, EOF: false) )
(Row: 190, Column: 56, EOL: true, EOF: false) ;
(Row: 191, Column: 4, EOL: true, EOF: false) }
(Row: 194, Column: 4, EOL: false, EOF: false) isActionSelectable
(Row: 194, Column: 23, EOL: false, EOF: false) (
(Row: 194, Column: 24, EOL: false, EOF: false) action
(Row: 194, Column: 31, EOL: false, EOF: false) :
(Row: 194, Column: 33, EOL: false, EOF: false) ActionType
(Row: 194, Column: 44, EOL: false, EOF: false) )
(Row: 194, Column: 45, EOL: false, EOF: false) :
(Row: 194, Column: 47, EOL: false, EOF: false) boolean
(Row: 194, Column: 55, EOL: true, EOF: false) {
(Row: 195, Column: 6, EOL: false, EOF: false) return
(Row: 195, Column: 13, EOL: false, EOF: false) this.foundation.isActionSelectable
(Row: 195, Column: 48, EOL: false, EOF: false) (
(Row: 195, Column: 49, EOL: false, EOF: false) action
(Row: 195, Column: 56, EOL: false, EOF: false) )
(Row: 195, Column: 57, EOL: true, EOF: false) ;
(Row: 196, Column: 4, EOL: true, EOF: false) }
(Row: 199, Column: 4, EOL: false, EOF: false) isActionSelected
(Row: 199, Column: 21, EOL: false, EOF: false) (
(Row: 199, Column: 22, EOL: false, EOF: false) action
(Row: 199, Column: 29, EOL: false, EOF: false) :
(Row: 199, Column: 31, EOL: false, EOF: false) ActionType
(Row: 199, Column: 42, EOL: false, EOF: false) )
(Row: 199, Column: 43, EOL: false, EOF: false) :
(Row: 199, Column: 45, EOL: false, EOF: false) boolean
(Row: 199, Column: 53, EOL: true, EOF: false) {
(Row: 200, Column: 6, EOL: false, EOF: false) return
(Row: 200, Column: 13, EOL: false, EOF: false) this.foundation.isActionSelected
(Row: 200, Column: 46, EOL: false, EOF: false) (
(Row: 200, Column: 47, EOL: false, EOF: false) action
(Row: 200, Column: 54, EOL: false, EOF: false) )
(Row: 200, Column: 55, EOL: true, EOF: false) ;
(Row: 201, Column: 4, EOL: true, EOF: false) }
(Row: 204, Column: 4, EOL: false, EOF: false) setActionFocus
(Row: 204, Column: 19, EOL: false, EOF: false) (
(Row: 204, Column: 20, EOL: false, EOF: false) action
(Row: 204, Column: 27, EOL: false, EOF: false) :
(Row: 204, Column: 29, EOL: false, EOF: false) ActionType
(Row: 204, Column: 40, EOL: false, EOF: false) ,
(Row: 204, Column: 42, EOL: false, EOF: false) focus
(Row: 204, Column: 48, EOL: false, EOF: false) :
(Row: 204, Column: 50, EOL: false, EOF: false) FocusBehavior
(Row: 204, Column: 64, EOL: false, EOF: false) )
(Row: 204, Column: 66, EOL: true, EOF: false) {
(Row: 205, Column: 6, EOL: false, EOF: false) this.foundation.setActionFocus
(Row: 205, Column: 37, EOL: false, EOF: false) (
(Row: 205, Column: 38, EOL: false, EOF: false) action
(Row: 205, Column: 45, EOL: false, EOF: false) ,
(Row: 205, Column: 47, EOL: false, EOF: false) focus
(Row: 205, Column: 53, EOL: false, EOF: false) )
(Row: 205, Column: 54, EOL: true, EOF: false) ;
(Row: 206, Column: 4, EOL: true, EOF: false) }
(Row: 209, Column: 4, EOL: false, EOF: false) setActionSelected
(Row: 209, Column: 22, EOL: false, EOF: false) (
(Row: 209, Column: 23, EOL: false, EOF: false) action
(Row: 209, Column: 30, EOL: false, EOF: false) :
(Row: 209, Column: 32, EOL: false, EOF: false) ActionType
(Row: 209, Column: 43, EOL: false, EOF: false) ,
(Row: 209, Column: 45, EOL: false, EOF: false) isSelected
(Row: 209, Column: 56, EOL: false, EOF: false) :
(Row: 209, Column: 58, EOL: false, EOF: false) boolean
(Row: 209, Column: 66, EOL: false, EOF: false) )
(Row: 209, Column: 68, EOL: true, EOF: false) {
(Row: 210, Column: 6, EOL: false, EOF: false) this.foundation.setActionSelected
(Row: 210, Column: 40, EOL: false, EOF: false) (
(Row: 210, Column: 41, EOL: false, EOF: false) action
(Row: 210, Column: 48, EOL: false, EOF: false) ,
(Row: 210, Column: 50, EOL: false, EOF: false) isSelected
(Row: 210, Column: 61, EOL: false, EOF: false) )
(Row: 210, Column: 62, EOL: true, EOF: false) ;
(Row: 211, Column: 4, EOL: true, EOF: false) }
(Row: 212, Column: 2, EOL: true, EOF: false) }
